component_0 computed: (((((((((1) * 3) + 2) / 5) - 4) * 3) + 2) / 5) - 4) * 3 = -15
component_1 computed: (((((((((2) + 2) * 3) + 2) / 5) - 4) * 3) + 2) / 5) - 4 = -4
component_2 computed: (((((((((3) * 3) + 2) * 3) + 2) / 5) - 4) * 3) + 2) / 5 = 2
component_3 computed: (((((((((4) - 4) * 3) + 2) * 3) + 2) / 5) - 4) * 3) + 2 = -7
component_4 computed: (((((((((5) / 5) - 4) * 3) + 2) * 3) + 2) / 5) - 4) * 3 = -21
component_5 computed: (((((((((0) + 2) / 5) - 4) * 3) + 2) * 3) + 2) / 5) - 4 = -9
component_6 computed: (((((((((1) * 3) + 2) / 5) - 4) * 3) + 2) * 3) + 2) / 5 = -3
component_7 computed: (((((((((2) - 4) * 3) + 2) / 5) - 4) * 3) + 2) * 3) + 2 = -28
component_8 computed: (((((((((3) / 5) - 4) * 3) + 2) / 5) - 4) * 3) + 2) * 3 = -48
component_9 computed: (((((((((4) + 2) / 5) - 4) * 3) + 2) / 5) - 4) * 3) + 2 = -13
Simulation is complete, simulated time: 100 ns
